// Jest Snapshot v1, https://goo.gl/fbAQLP

exports[`ErrorBoundary should render beacause of error 1`] = `ReactWrapper {}`;
