// Jest Snapshot v1, https://goo.gl/fbAQLP

exports[`<Loader anination> renders correctly 1`] = `ShallowWrapper {}`;
