// Jest Snapshot v1, https://goo.gl/fbAQLP

exports[`<Answer> renders correctly 1`] = `
<div
  className="answer choosenAnswer"
  onClick={[Function]}
>
  <mark
    marked_Answer="RIGHT"
  />
</div>
`;
