// Jest Snapshot v1, https://goo.gl/fbAQLP

exports[`<Mark> renders correctly 1`] = `ShallowWrapper {}`;
