// Jest Snapshot v1, https://goo.gl/fbAQLP

exports[`<Sound Toggle> renders correctly 1`] = `
<img
  alt="volume toggle"
  className="soundToggle in_ToolBar"
  onClick={[Function]}
  src="volumeon.png"
/>
`;
