// Jest Snapshot v1, https://goo.gl/fbAQLP

exports[`<advance-context > renders correctly 1`] = `
<React.Fragment>
  <Context.Consumer>
    [Function]
     
  </Context.Consumer>
</React.Fragment>
`;
