// Jest Snapshot v1, https://goo.gl/fbAQLP

exports[`<QuestionText> renders correctly 1`] = `ShallowWrapper {}`;
