// Jest Snapshot v1, https://goo.gl/fbAQLP

exports[`<SummaryText> renders correctly 1`] = `ShallowWrapper {}`;
