// Jest Snapshot v1, https://goo.gl/fbAQLP

exports[`SubjectHeader renders correctly 1`] = `ShallowWrapper {}`;
