// Jest Snapshot v1, https://goo.gl/fbAQLP

exports[`renders without crashing 1`] = `
<ErrorBoundary>
  <div
    className="App"
  >
    <Layout
      questionsUrl="allquestions.json"
    />
  </div>
</ErrorBoundary>
`;
