// Jest Snapshot v1, https://goo.gl/fbAQLP

exports[`<Uplogo> renders correctly 1`] = `
<div
  className="logo LogoInHeader "
>
  Class-Up!
</div>
`;
